--------------------------------------------------------------------------------
Release 14.7 Trace  (nt64)
Copyright (c) 1995-2013 Xilinx, Inc.  All rights reserved.

C:\Xilinx\14.7\ISE_DS\ISE\bin\nt64\unwrapped\trce.exe -intstyle ise -v 3 -s 5
-n 3 -fastpaths -xml Hancarlson.twx Hancarlson.ncd -o Hancarlson.twr
Hancarlson.pcf

Design file:              Hancarlson.ncd
Physical constraint file: Hancarlson.pcf
Device,package,speed:     xc3s200,pq208,-5 (PRODUCTION 1.39 2013-10-13)
Report level:             verbose report

Environment Variable      Effect 
--------------------      ------ 
NONE                      No environment variables were set
--------------------------------------------------------------------------------

INFO:Timing:2698 - No timing constraints found, doing default enumeration.
INFO:Timing:3412 - To improve timing, see the Timing Closure User Guide (UG612).
INFO:Timing:2752 - To get complete path coverage, use the unconstrained paths 
   option. All paths that are not constrained will be reported in the 
   unconstrained paths section(s) of the report.
INFO:Timing:3339 - The clock-to-out numbers in this timing report are based on 
   a 50 Ohm transmission line loading model.  For the details of this model, 
   and for more information on accounting for different loading conditions, 
   please see the device datasheet.
INFO:Timing:3390 - This architecture does not support a default System Jitter 
   value, please add SYSTEM_JITTER constraint to the UCF to modify the Clock 
   Uncertainty calculation.
INFO:Timing:3389 - This architecture does not support 'Discrete Jitter' and 
   'Phase Error' calculations, these terms will be zero in the Clock 
   Uncertainty calculation.  Please make appropriate modification to 
   SYSTEM_JITTER to account for the unsupported Discrete Jitter and Phase 
   Error.



Data Sheet report:
-----------------
All values displayed in nanoseconds (ns)

Pad to Pad
---------------+---------------+---------+
Source Pad     |Destination Pad|  Delay  |
---------------+---------------+---------+
a<0>           |sum<0>         |    7.983|
a<1>           |sum<1>         |    7.320|
a<1>           |sum<2>         |    7.686|
a<1>           |sum<3>         |    9.429|
a<1>           |sum<4>         |   10.740|
a<1>           |sum<5>         |    9.807|
a<1>           |sum<6>         |   11.187|
a<1>           |sum<7>         |   11.503|
a<1>           |sum<8>         |   12.584|
a<1>           |sum<9>         |   12.000|
a<2>           |sum<2>         |    7.959|
a<2>           |sum<3>         |    9.047|
a<2>           |sum<4>         |   10.140|
a<2>           |sum<5>         |    9.207|
a<2>           |sum<6>         |   10.587|
a<2>           |sum<7>         |   10.903|
a<2>           |sum<8>         |   11.984|
a<2>           |sum<9>         |   11.400|
a<2>           |sum<10>        |   10.689|
a<2>           |sum<11>        |   10.556|
a<3>           |sum<3>         |    8.373|
a<3>           |sum<4>         |    9.096|
a<3>           |sum<5>         |    8.163|
a<3>           |sum<6>         |    9.543|
a<3>           |sum<7>         |    9.859|
a<3>           |sum<8>         |   10.940|
a<3>           |sum<9>         |   10.356|
a<3>           |sum<10>        |    9.417|
a<3>           |sum<11>        |    9.284|
a<4>           |sum<4>         |    8.552|
a<4>           |sum<5>         |    7.818|
a<4>           |sum<6>         |   10.049|
a<4>           |sum<7>         |   10.365|
a<4>           |sum<8>         |   11.446|
a<4>           |sum<9>         |   10.862|
a<4>           |sum<10>        |   10.774|
a<4>           |sum<11>        |   10.641|
a<4>           |sum<12>        |   12.271|
a<4>           |sum<13>        |   12.109|
a<5>           |sum<5>         |    7.420|
a<5>           |sum<6>         |    9.404|
a<5>           |sum<7>         |    9.720|
a<5>           |sum<8>         |   10.801|
a<5>           |sum<9>         |   10.217|
a<5>           |sum<10>        |   10.211|
a<5>           |sum<11>        |   10.078|
a<5>           |sum<12>        |   11.626|
a<5>           |sum<13>        |   11.464|
a<6>           |sum<6>         |    8.425|
a<6>           |sum<7>         |    8.662|
a<6>           |sum<8>         |   10.909|
a<6>           |sum<9>         |   10.325|
a<6>           |sum<10>        |   11.379|
a<6>           |sum<11>        |   11.246|
a<6>           |sum<12>        |   11.853|
a<6>           |sum<13>        |   11.691|
a<6>           |sum<14>        |   12.047|
a<6>           |sum<15>        |   12.258|
a<7>           |sum<7>         |    8.498|
a<7>           |sum<8>         |   11.064|
a<7>           |sum<9>         |   10.480|
a<7>           |sum<10>        |   11.534|
a<7>           |sum<11>        |   11.401|
a<7>           |sum<12>        |   11.652|
a<7>           |sum<13>        |   11.490|
a<7>           |sum<14>        |   12.202|
a<7>           |sum<15>        |   12.413|
a<8>           |cout           |   10.826|
a<8>           |sum<8>         |    7.966|
a<8>           |sum<9>         |    7.454|
a<8>           |sum<10>        |    9.981|
a<8>           |sum<11>        |    9.848|
a<8>           |sum<12>        |   10.949|
a<8>           |sum<13>        |   10.787|
a<8>           |sum<14>        |   11.215|
a<8>           |sum<15>        |   11.426|
a<9>           |cout           |   11.307|
a<9>           |sum<9>         |    7.852|
a<9>           |sum<10>        |   10.462|
a<9>           |sum<11>        |   10.329|
a<9>           |sum<12>        |   11.273|
a<9>           |sum<13>        |   11.111|
a<9>           |sum<14>        |   11.597|
a<9>           |sum<15>        |   11.808|
a<10>          |cout           |   10.941|
a<10>          |sum<10>        |    8.184|
a<10>          |sum<11>        |    8.195|
a<10>          |sum<12>        |   10.269|
a<10>          |sum<13>        |   10.107|
a<10>          |sum<14>        |   10.881|
a<10>          |sum<15>        |   11.092|
a<11>          |cout           |   10.661|
a<11>          |sum<11>        |    7.450|
a<11>          |sum<12>        |    9.657|
a<11>          |sum<13>        |    9.495|
a<11>          |sum<14>        |   10.601|
a<11>          |sum<15>        |   10.812|
a<12>          |cout           |    9.631|
a<12>          |sum<12>        |    8.298|
a<12>          |sum<13>        |    8.154|
a<12>          |sum<14>        |    9.203|
a<12>          |sum<15>        |    9.414|
a<13>          |cout           |   10.762|
a<13>          |sum<13>        |    8.262|
a<13>          |sum<14>        |    8.864|
a<13>          |sum<15>        |    9.075|
a<14>          |cout           |    9.074|
a<14>          |sum<14>        |    7.952|
a<14>          |sum<15>        |    7.883|
a<15>          |cout           |    8.371|
a<15>          |sum<15>        |    7.513|
b<0>           |sum<0>         |    7.849|
b<1>           |sum<1>         |    8.054|
b<1>           |sum<2>         |    8.497|
b<1>           |sum<3>         |   10.240|
b<1>           |sum<4>         |   11.551|
b<1>           |sum<5>         |   10.618|
b<1>           |sum<6>         |   11.998|
b<1>           |sum<7>         |   12.314|
b<1>           |sum<8>         |   13.395|
b<1>           |sum<9>         |   12.811|
b<2>           |sum<2>         |    7.836|
b<2>           |sum<3>         |    8.273|
b<2>           |sum<4>         |    9.820|
b<2>           |sum<5>         |    8.887|
b<2>           |sum<6>         |   10.267|
b<2>           |sum<7>         |   10.583|
b<2>           |sum<8>         |   11.664|
b<2>           |sum<9>         |   11.080|
b<2>           |sum<10>        |   10.691|
b<2>           |sum<11>        |   10.558|
b<3>           |sum<3>         |    7.967|
b<3>           |sum<4>         |    9.517|
b<3>           |sum<5>         |    8.584|
b<3>           |sum<6>         |    9.964|
b<3>           |sum<7>         |   10.280|
b<3>           |sum<8>         |   11.361|
b<3>           |sum<9>         |   10.777|
b<3>           |sum<10>        |    9.856|
b<3>           |sum<11>        |    9.723|
b<4>           |sum<4>         |    9.137|
b<4>           |sum<5>         |    8.062|
b<4>           |sum<6>         |   10.397|
b<4>           |sum<7>         |   10.713|
b<4>           |sum<8>         |   11.794|
b<4>           |sum<9>         |   11.210|
b<4>           |sum<10>        |   11.186|
b<4>           |sum<11>        |   11.053|
b<4>           |sum<12>        |   12.619|
b<4>           |sum<13>        |   12.457|
b<5>           |sum<5>         |    7.656|
b<5>           |sum<6>         |    9.422|
b<5>           |sum<7>         |    9.738|
b<5>           |sum<8>         |   10.819|
b<5>           |sum<9>         |   10.235|
b<5>           |sum<10>        |   10.447|
b<5>           |sum<11>        |   10.314|
b<5>           |sum<12>        |   11.636|
b<5>           |sum<13>        |   11.474|
b<6>           |sum<6>         |    7.436|
b<6>           |sum<7>         |    7.627|
b<6>           |sum<8>         |   10.314|
b<6>           |sum<9>         |    9.730|
b<6>           |sum<10>        |   10.784|
b<6>           |sum<11>        |   10.651|
b<6>           |sum<12>        |   11.095|
b<6>           |sum<13>        |   10.933|
b<6>           |sum<14>        |   11.452|
b<6>           |sum<15>        |   11.663|
b<7>           |sum<7>         |    8.612|
b<7>           |sum<8>         |   10.184|
b<7>           |sum<9>         |    9.600|
b<7>           |sum<10>        |   10.654|
b<7>           |sum<11>        |   10.521|
b<7>           |sum<12>        |   11.367|
b<7>           |sum<13>        |   11.205|
b<7>           |sum<14>        |   11.322|
b<7>           |sum<15>        |   11.533|
b<8>           |cout           |   10.559|
b<8>           |sum<8>         |    7.595|
b<8>           |sum<9>         |    7.302|
b<8>           |sum<10>        |   10.681|
b<8>           |sum<11>        |   10.548|
b<8>           |sum<12>        |   11.687|
b<8>           |sum<13>        |   11.525|
b<8>           |sum<14>        |   11.953|
b<8>           |sum<15>        |   12.164|
b<9>           |cout           |   10.974|
b<9>           |sum<9>         |    7.895|
b<9>           |sum<10>        |   10.389|
b<9>           |sum<11>        |   10.256|
b<9>           |sum<12>        |   11.395|
b<9>           |sum<13>        |   11.233|
b<9>           |sum<14>        |   11.661|
b<9>           |sum<15>        |   11.872|
b<10>          |cout           |   10.493|
b<10>          |sum<10>        |    7.279|
b<10>          |sum<11>        |    6.934|
b<10>          |sum<12>        |    9.973|
b<10>          |sum<13>        |    9.811|
b<10>          |sum<14>        |    9.979|
b<10>          |sum<15>        |   10.190|
b<11>          |cout           |   11.629|
b<11>          |sum<11>        |    7.838|
b<11>          |sum<12>        |   11.109|
b<11>          |sum<13>        |   10.947|
b<11>          |sum<14>        |   11.293|
b<11>          |sum<15>        |   11.504|
b<12>          |cout           |   10.706|
b<12>          |sum<12>        |    8.297|
b<12>          |sum<13>        |    8.849|
b<12>          |sum<14>        |    9.202|
b<12>          |sum<15>        |    9.413|
b<13>          |cout           |   10.861|
b<13>          |sum<13>        |    8.570|
b<13>          |sum<14>        |    8.490|
b<13>          |sum<15>        |    8.701|
b<14>          |cout           |    9.206|
b<14>          |sum<14>        |    7.707|
b<14>          |sum<15>        |    7.696|
b<15>          |cout           |    8.353|
b<15>          |sum<15>        |    8.191|
cin            |sum<0>         |    7.382|
cin            |sum<1>         |    7.480|
cin            |sum<2>         |    7.714|
cin            |sum<3>         |    9.457|
cin            |sum<4>         |   10.768|
cin            |sum<5>         |    9.835|
cin            |sum<6>         |   11.215|
cin            |sum<7>         |   11.531|
cin            |sum<8>         |   12.612|
cin            |sum<9>         |   12.028|
---------------+---------------+---------+


Analysis completed Mon May 06 10:20:49 2019 
--------------------------------------------------------------------------------

Trace Settings:
-------------------------
Trace Settings 

Peak Memory Usage: 4489 MB



